function claude { '/usr/local/bin/switchboard' run -- "$@"; }
function cxwork { '/usr/local/bin/switchboard' run --account work -- "$@"; }
function cxpersonal { '/usr/local/bin/switchboard' run --account personal -- "$@"; }
function cxside { '/usr/local/bin/switchboard' run --account side -- "$@"; }
