 Switchboard                 Mon 28 Sep · 13:12
 no account has room right now

 ╭─ 1 · Work ─────────────────────────────────╮
 │                                            │
 │  Session                             100%  │
 │  ████████████████████████████████████████  │
 │  back in 07:42 · Mon 13:19                 │
 │                                            │
 │  Week                                 55%  │
 │  ██████████████████████░░░░░░┃░░░░░░░░░░░  │
 │  on pace for 77% · resets in 2d            │
 │                                            │
 ╰────────────────────────────────────────────╯
