 Switchboard                                                                                                                                               Mon 28 Sep · 13:12
 best next: work · Work

 ╭─ work · Work ─────────────────────────────── ▲ best ─╮  ╭─ personal · Personal ────────────────────────────────╮  ╭─ side · Side ────────────────────────────────────────╮
 │                                                      │  │                                                      │  │                                                      │
 │  Session                                        12%  │  │  ✗ token missing: write it to                        │  │  ✗ HTTP 401 · Invalid bearer token: the token has    │
 │  ██████░░░░░░░░░░░░░░┃░░░░░░░░░░░░░░░░░░░░░░░░░░░░░  │  │    /Users/tester/.local/state/switchboard/tokens/pe  │  │    expired or been revoked, so create a new one      │
 │  on pace for 30% · resets in 3h · Mon 16:12          │  │    rsonal                                            │  │    with claude setup-token and set it again          │
 │                                                      │  │                                                      │  │                                                      │
 │  Week                                           33%  │  │                                                      │  │                                                      │
 │  ██████████████┃█▌░░░░░░░░░░░░░░░░░░░░░░░░░░░░░░░░░  │  │                                                      │  │                                                      │
 │  runs out ~Fri 14:39 · resets in 5d · Sat 13:12      │  │                                                      │  │                                                      │
 │                                                      │  │                                                      │  │                                                      │
 │  Fable offline                                       │  │                                                      │  │                                                      │
 │  HTTP 529 · Overloaded                               │  │                                                      │  │                                                      │
 │                                                      │  │                                                      │  │                                                      │
 ╰──────────────────────────────────────────────────────╯  ╰──────────────────────────────────────────────────────╯  ╰──────────────────────────────────────────────────────╯
