 Switchboard                                                                                                                 Mon 28 Sep · 13:12
 best next: work · Work

 ╭─ work · Work ───────────────────── ▲ best ─╮  ╭─ personal · Personal ──────────────────────╮  ╭─ side · Side ──────────────────────────────╮
 │                                            │  │                                            │  │                                            │
 │  Session                              12%  │  │  ✗ token missing: write it to              │  │  ✗ HTTP 401 · Invalid bearer token: the    │
 │  ████▊░░░░░░░░░░░┃░░░░░░░░░░░░░░░░░░░░░░░  │  │    /Users/tester/.local/state/switchboard  │  │    token has expired or been revoked, so   │
 │  on pace for 30% · resets in 3h            │  │    /tokens/personal                        │  │    create a new one with claude setup-to…  │
 │                                            │  │                                            │  │                                            │
 │  Week                                 33%  │  │                                            │  │                                            │
 │  ███████████┃█▎░░░░░░░░░░░░░░░░░░░░░░░░░░  │  │                                            │  │                                            │
 │  runs out ~Fri 14:39 · resets in 5d        │  │                                            │  │                                            │
 │                                            │  │                                            │  │                                            │
 │  Fable offline                             │  │                                            │  │                                            │
 │  HTTP 529 · Overloaded                     │  │                                            │  │                                            │
 │                                            │  │                                            │  │                                            │
 ╰────────────────────────────────────────────╯  ╰────────────────────────────────────────────╯  ╰────────────────────────────────────────────╯
