 Switchboard                 Mon 28 Sep · 13:12
 no account has room right now

 ╭─ 1 · Work ─────────────────────────────────╮
 │                                            │
 │  Session                             100%  │
 │  ████████████████████████████████████████  │
 │  back in 1h 5m · Mon 14:17                 │
 │                                            │
 │  Week                                 55%  │
 │  ██████████████████████░░░░░░┃░░░░░░░░░░░  │
 │  on pace for 77% · resets in 2d 0h         │
 │                                            │
 │  Fable week                          104%  │
 │  ████████████████████████████████████████  │
 │  exhausted                                 │
 │                                            │
 ╰────────────────────────────────────────────╯
