 Switchboard                 Mon 28 Sep · 13:12
 best next: 1 · Work

 ╭─ 1 · Work ──────────────────────── ▲ best ─╮
 │                                            │
 │  Session                              23%  │
 │  ████████┃▎░░░░░░░░░░░░░░░░░░░░░░░░░░░░░░  │
 │  runs out ~Mon 16:32 · resets in 4h        │
 │                                            │
 │  Week                                 61%  │
 │  ██████████████████████┃█▍░░░░░░░░░░░░░░░  │
 │  runs out ~Thu 02:34 · resets in 3d        │
 │                                            │
 │  Fable offline                             │
 │  HTTP 529 · Overloaded: the model is       │
 │  temporarily unable to serve this accoun…  │
 │                                            │
 ╰────────────────────────────────────────────╯
