 Switchboard                                                                                     Mon 28 Sep · 13:12
 best next: 2 · Research and development sandbox for the platform team

 ╭─ 1 · Work ───────────────────────────────────────────╮  ╭─ 2 · Research and development sandbox for… ─ ▲ best ─╮
 │                                                      │  │                                                      │
 │  Session                                        30%  │  │  Session                                        10%  │
 │  ███████████████░░░░░░░░░░░░░░░┃░░░░░░░░░░░░░░░░░░░  │  │  █████░░░░░░░░░░░░░░░░░░░░░░░░░░░░░░░░░░░┃░░░░░░░░░  │
 │  on pace for 50% · resets in 2h · Mon 15:12          │  │  on pace for 12% · resets in 1h · Mon 14:12          │
 │                                                      │  │                                                      │
 │  Week                                           50%  │  │  Weekly cap on the experimental research previ… 72%  │
 │  █████████████████████████░░░┃░░░░░░░░░░░░░░░░░░░░░  │  │  ███████████████████████████████████┃░░░░░░░░░░░░░░  │
 │  on pace for 88% · resets in 3d · Thu 13:12          │  │  runs out ~Wed 11:52 · resets in 2d · Wed 13:12      │
 │                                                      │  │                                                      │
 ╰──────────────────────────────────────────────────────╯  ╰──────────────────────────────────────────────────────╯
