 Switchboard                                                                         Mon 28 Sep · 13:12
 no account has room right now

 ╭─ 1 · Work ─────────────────────────────────────╮  ╭─ 2 · Personal ─────────────────────────────────╮
 │                                                │  │                                                │
 │  Session                                  42%  │  │  Session                                 100%  │
 │  ██████████████████▌░░░░░░░┃░░░░░░░░░░░░░░░░░  │  │  ████████████████████████████████████████████  │
 │  on pace for 70% · resets in 2h · Mon 15:12    │  │  back in 38m · Mon 13:50                       │
 │                                                │  │                                                │
 │  Week                                    100%  │  │  Week                                     91%  │
 │  ████████████████████████████████████████████  │  │  █████████████████████████████████████┃██░░░░  │
 │  back in 2d 3h · Wed 16:12                     │  │  runs out ~Tue 03:26 · resets in 1d            │
 │                                                │  │                                                │
 ╰────────────────────────────────────────────────╯  ╰────────────────────────────────────────────────╯
