 Switchboard                                                                 Mon 28 Sep · 13:12
 router  ·  no sessions  ·  routing automatically  ·  nothing read yet

 ╭─ 1 · Work ─────────────────────────────────╮  ╭─ 2 · Side ─────────────────────────────────╮
 │                                            │  │                                            │
 │  no usage yet                              │  │  no usage yet                              │
 │                                            │  │                                            │
 ╰────────────────────────────────────────────╯  ╰────────────────────────────────────────────╯
