 Switchboard                                                            Mon 28 Sep · 13:12
 router  ·  3 sessions  ·  pinned to 1 · Work  ·  best next: 2 · Personal

 1 · Work       5h ███░░░░╎  37%   7d ███████╎  96%   7d_oi █▎░░░░░╎  15%   1 session  ◆ ●
 2 · Personal   5h ▍░░░░░░░   5%   7d ██▎░░░░░  28%   2 sessions  ▲
 3 · Side       5h ████████ 100%   7d █████▏░░  64%   7d_oi ███▎░░░░  41%
