 Switchboard                                                                 Mon 28 Sep · 13:12
 probing directly (router not running)  ·  best next: 2 · Personal

 ╭─ 1 · Work ─────────────────────────────────╮  ╭─ 2 · Personal ──────────────────── ▲ best ─╮
 │                                            │  │                                            │
 │  Session                              37%  │  │  Session                               5%  │
 │  ██████████████▊░░░░░░░░░░░░░░░░░░░░░░░░┃  │  │  ██░░░░░░░░░░░░░░░░░░░░░░░░░░░░░░░░░░░░┃░  │
 │  on pace for 38% · resets in 5m            │  │  on pace for 5% · resets in 15m            │
 │                                            │  │                                            │
 │  Week                                 96%  │  │  Week                                 28%  │
 │  ██████████████████████████████████████▍┃  │  │  █████┃█████▎░░░░░░░░░░░░░░░░░░░░░░░░░░░░  │
 │  on pace for 98% · resets in 2h 55m        │  │  runs out ~Thu 02:54 · resets in 6d        │
 │                                            │  │                                            │
 │  Fable week                           15%  │  │                                            │
 │  ██████░░░░░░░░░░░┃░░░░░░░░░░░░░░░░░░░░░░  │  │                                            │
 │  on pace for 35% · resets in 4d            │  │                                            │
 │                                            │  │                                            │
 ╰────────────────────────────────────────────╯  ╰────────────────────────────────────────────╯

 ╭─ 3 · Side ─────────────────────────────────╮
 │                                            │
 │  Session                             100%  │
 │  ████████████████████████████████████████  │
 │  back in 1h 20m · Mon 14:32                │
 │                                            │
 │  Week                                 64%  │
 │  █████████████████████┃███▋░░░░░░░░░░░░░░  │
 │  runs out ~Wed 16:57 · resets in 3d 4h     │
 │                                            │
 │  Fable week                           41%  │
 │  ████████████████▍░░░░┃░░░░░░░░░░░░░░░░░░  │
 │  on pace for 75% · resets in 3d 4h         │
 │                                            │
 ╰────────────────────────────────────────────╯
