 Switchboard                                                                                                                 Mon 28 Sep · 13:12
 router unhealthy — 7 of the 9 requests in the last 5 minutes failed  ·  best next: 2 · Personal

 ╭─ 1 · Work ─────────────────────────────────╮  ╭─ 2 · Personal ───────── ● pinned ─ ▲ best ─╮  ╭─ 3 · Side ─────────────────────────────────╮
 │                                            │  │                                            │  │                                            │
 │  Session                              37%  │  │  Session                               5%  │  │  limit until Mon 14:32                     │
 │  ██████████████▊░░░░░░░░░░░░░░░░░░░░░░░░┃  │  │  ██░░░░░░░░░░░░░░░░░░░░░░░░░░░░░░░░░░░░┃░  │  │                                            │
 │  on pace for 38% · resets in 5m            │  │  on pace for 5% · resets in 15m            │  │  Session                             100%  │
 │                                            │  │                                            │  │  ████████████████████████████████████████  │
 │  Week                                 96%  │  │  Week                                 28%  │  │  back in 1h 20m · Mon 14:32                │
 │  ██████████████████████████████████████▍┃  │  │  █████┃█████▎░░░░░░░░░░░░░░░░░░░░░░░░░░░░  │  │                                            │
 │  on pace for 98% · resets in 2h 55m        │  │  runs out ~Thu 02:54 · resets in 6d        │  │  Week                                 64%  │
 │                                            │  │                                            │  │  █████████████████████┃███▋░░░░░░░░░░░░░░  │
 │  Fable week                           15%  │  │  2 sessions                                │  │  runs out ~Wed 16:57 · resets in 3d 4h     │
 │  ██████░░░░░░░░░░░┃░░░░░░░░░░░░░░░░░░░░░░  │  │                                            │  │                                            │
 │  on pace for 35% · resets in 4d            │  │                                            │  │  Fable week                           41%  │
 │                                            │  │                                            │  │  ████████████████▍░░░░┃░░░░░░░░░░░░░░░░░░  │
 │  1 session                                 │  │                                            │  │  on pace for 75% · resets in 3d 4h         │
 │                                            │  │                                            │  │                                            │
 ╰────────────────────────────────────────────╯  ╰────────────────────────────────────────────╯  ╰────────────────────────────────────────────╯
