 Switchboard                                                                 Mon 28 Sep · 13:12
 router  ·  no sessions  ·  routing automatically  ·  best next: 1 · Work

 ╭─ 1 · Work ──────────────────────── ▲ best ─╮  ╭─ 2 · Side ─────────────────────────────────╮
 │                                            │  │                                            │
 │  Session                              20%  │  │  Session                              20%  │
 │  ████████░░░░░░░░┃░░░░░░░░░░░░░░░░░░░░░░░  │  │  ████████░░░░░░░░┃░░░░░░░░░░░░░░░░░░░░░░░  │
 │  on pace for 50% · resets in 3h            │  │  on pace for 50% · resets in 3h            │
 │                                            │  │                                            │
 │  Week                                  4%  │  │  Week                                  4%  │
 │  █▋┃░░░░░░░░░░░░░░░░░░░░░░░░░░░░░░░░░░░░░  │  │  █▋░░░░░░░░░░░░░░░┃░░░░░░░░░░░░░░░░░░░░░░  │
 │  on pace for 68% · resets in 4d            │  │  on pace for 9% · resets in 4d             │
 │                                            │  │                                            │
 ╰────────────────────────────────────────────╯  ╰────────────────────────────────────────────╯
