 Switchboard                                                                 Mon 28 Sep · 13:12
 router  ·  no sessions  ·  routing automatically  ·  best next: 1 · Work

 ╭─ 1 · Work ──────────── ◆ primary ─ ▲ best ─╮  ╭─ 2 · Side ─────────────────────────────────╮
 │                                            │  │                                            │
 │  Session                              37%  │  │  Session                               0%  │
 │  ██████████████▊░░░░░░░░░┃░░░░░░░░░░░╎░░░  │  │  ░░░░░░░░░░░░░░░░░░░░░░░░░░░░░░░░░░░░░░░░  │
 │  on pace for 62% · resets in 2h            │  │  not started                               │
 │                                            │  │                                            │
 │  Week                                 40%  │  │  Week                                 64%  │
 │  ████████████████░░░░░░┃░░░░░░░░░░░░░╎░░░  │  │  █████████████████████┃███▋░░░░░░░░░░░░░░  │
 │  on pace for 70% · resets in 3d            │  │  runs out ~Wed 16:57 · resets in 3d 4h     │
 │                                            │  │                                            │
 ╰────────────────────────────────────────────╯  ╰────────────────────────────────────────────╯
