 Switchboard                                                                Mon 28 Sep · 13:12
 router  ·  no sessions  ·  routing automatically  ·  best next: 3 · Side

 1 · Work       5h ████▍░░╎  55%   7d ███▎░░░╎  40%   under pressure: at its reserve ~14:04  ◆
 2 · Personal   5h ██▍░░░░░  30%   7d ████░░░░  50%   under pressure: runs out ~14:36
 3 · Side       5h ▊░░░░░░░  10%   7d ██▍░░░░░  30%  ▲
