 Switchboard                                                                                                                             Mon 28 Sep · 13:12
 router  ·  no sessions  ·  routing automatically  ·  best next: 3 · Side

 ╭─ 1 · Work ───────────────────────── ◆ primary ─╮  ╭─ 2 · Personal ─────────────────────────────────╮  ╭─ 3 · Side ──────────────────────────── ▲ best ─╮
 │                                                │  │                                                │  │                                                │
 │  under pressure: at its reserve ~14:04         │  │  under pressure: runs out ~14:36               │  │  Session                                  10%  │
 │                                                │  │                                                │  │  ████▍░░░┃░░░░░░░░░░░░░░░░░░░░░░░░░░░░░░░░░░░  │
 │  Session                                  55%  │  │  Session                                  30%  │  │  on pace for 50% · resets in 4h · Mon 17:12    │
 │  ████████┃███████████████▎░░░░░░░░░░░░░░╎░░░░  │  │  █████████████▎░░░░░░░░░░░░┃░░░░░░░░░░░░░░░░░  │  │                                                │
 │  runs out ~Mon 14:01 · resets in 4h            │  │  on pace for 50% · resets in 2h · Mon 15:12    │  │  Week                                     30%  │
 │                                                │  │                                                │  │  ████████████┃▎░░░░░░░░░░░░░░░░░░░░░░░░░░░░░░  │
 │  Week                                     40%  │  │  Week                                     50%  │  │  runs out ~Sat 05:12 · resets in 5d            │
 │  █████████████████▋░░░░░░░┃░░░░░░░░░░░░░╎░░░░  │  │  ██████████████████████░░░░░░░░░┃░░░░░░░░░░░░  │  │                                                │
 │  on pace for 70% · resets in 3d · Thu 13:12    │  │  on pace for 70% · resets in 2d · Wed 13:12    │  │                                                │
 │                                                │  │                                                │  │                                                │
 ╰────────────────────────────────────────────────╯  ╰────────────────────────────────────────────────╯  ╰────────────────────────────────────────────────╯
