 Switchboard                 Mon 28 Sep · 13:12
 best next: 1 · Work

 ╭─ 1 · Work ──────────────────────── ▲ best ─╮
 │                                            │
 │  Session                              23%  │
 │  █████████▎░░░░░░░░░░░░░░░░░░░░░░░░░░░░░░  │
 │  reset time unknown                        │
 │                                            │
 │  Week                                 40%  │
 │  ████████████████░┃░░░░░░░░░░░░░░░░░░░░░░  │
 │  on pace for 93% · resets in 4d            │
 │                                            │
 │  burst                                62%  │
 │  ████████████████████████▊░░░░░░░░░░░░░░░  │
 │  resets in 42m · Mon 13:54                 │
 │                                            │
 ╰────────────────────────────────────────────╯
