 Switchboard                 Mon 28 Sep · 13:12
 best next: work · Work

 ╭─ work · Work ───────────────────── ▲ best ─╮
 │                                            │
 │  Session                              23%  │
 │  ┃████████▎░░░░░░░░░░░░░░░░░░░░░░░░░░░░░░  │
 │  resets in 4h 58m · Mon 18:10              │
 │                                            │
 │  Week                                 93%  │
 │  ███████████████┃█████████████████████▎░░  │
 │  runs out ~Mon 18:01 · resets in 4d 7h     │
 │                                            │
 │  Fable week                          100%  │
 │  ████████████████████████████████████████  │
 │  back in 5d 11h · Sun 01:10                │
 │                                            │
 ╰────────────────────────────────────────────╯

 ╭─ personal · Personal ──────────────────────╮
 │                                            │
 │  ✗ token missing: set                      │
 │    CLAUDE_TOKEN_PERSONAL                   │
 │                                            │
 ╰────────────────────────────────────────────╯

 ╭─ side · Side ──────────────────────────────╮
 │                                            │
 │  ✗ HTTP 401 · Invalid bearer token         │
 │                                            │
 ╰────────────────────────────────────────────╯
