 Switchboard                                                                                                                 Mon 28 Sep · 13:12
 probing directly (router not running) · best next: work · Work

 ╭─ work · Work ───────────────────── ▲ best ─╮  ╭─ personal · Personal ──────────────────────╮  ╭─ side · Side ──────────────────────────────╮
 │                                            │  │                                            │  │                                            │
 │  Session                              23%  │  │  ✗ token missing: set                      │  │  ✗ HTTP 401 · Invalid bearer token         │
 │  ┃████████▎░░░░░░░░░░░░░░░░░░░░░░░░░░░░░░  │  │    CLAUDE_TOKEN_PERSONAL                   │  │                                            │
 │  resets in 4h 58m · Mon 18:10              │  │                                            │  │                                            │
 │                                            │  │                                            │  │                                            │
 │  Week                                 93%  │  │                                            │  │                                            │
 │  ███████████████┃█████████████████████▎░░  │  │                                            │  │                                            │
 │  runs out ~Mon 18:01 · resets in 4d 7h     │  │                                            │  │                                            │
 │                                            │  │                                            │  │                                            │
 │  Fable week                          100%  │  │                                            │  │                                            │
 │  ████████████████████████████████████████  │  │                                            │  │                                            │
 │  back in 5d 11h · Sun 01:10                │  │                                            │  │                                            │
 │                                            │  │                                            │  │                                            │
 ╰────────────────────────────────────────────╯  ╰────────────────────────────────────────────╯  ╰────────────────────────────────────────────╯
