  SWITCHBOARD                                                             13:12

 ● healthy · 1 session · pinned to Side
 new → ▲ Side                                               room 5h 0.8  wk 0.1

 ╭─ 1 Work ─────────────────────────────────────────────────────── ◆ primary ─╮
 │                                                                            │
 │  ■ Fable wk limit · back Sun 01:10 · other models still come here          │
 │                                                                            │
 │  ▄█  █▀█ █▀█ ▀ █    FABLE WEEK  7-day window                               │
 │   █  █ █ █ █ ▄▀     limit reached                                          │
 │  ▀▀▀ ▀▀▀ ▀▀▀ ▀ ▀    its window resets Sun 01:10                            │
 │                                                                            │
 │                  │                                                         │
 │                  │                                                         │
 │   no history yet │                                                         │
 │  ▁▁▁▁▁▁▁▁▁▁▁▁▁▁▁▁▁▁▁▁▁▁▁▁▁▁▁▁▁▁▁▁▁▁▁▁▁▁▁▁▁▁▁▁▁▁▁▁▁▁▁▁▁▁▁▁▁▁▁▁▁▁▁▁▁▁▁▁▁▁▁▁  │
 │           ╵Mon       ╵Tue      ╵Wed      ╵Thu      ╵Fri       ╵Sat      ╵  │
 │                                                                            │
 │  Session  ┃█████████▋░░░░░░░░░░░░░░░░░░░░░░░░░░░░░░░░╎░░  23%              │
 │  Week     █████████████████┃████████████████████████▊╎██  93% → out 14:34  │
 │                                                                            │
 ╰─ ● ──────────────────────────────────────────────────────────── 1 session ─╯
 ╭─ 2 Personal ───────────────────────────────────────────────────────────────╮
 │                                                                            │
 │  ! can't read it · HTTP 401 · Invalid bearer token                         │
 │                                                                            │
 │                                                                            │
 │                                                                            │
 │                                                                            │
 │                                                                            │
 │                                                                            │
 │                                                                            │
 │                                                                            │
 │                                                                            │
 │                                                                            │
 │                                                                            │
 │                                                                            │
 │                                                                            │
 │                                                                            │
 ╰────────────────────────────────────────────────────────────── no sessions ─╯
 ╭─ 3 Side ─────────────────────────────────────────────── ● pinned · ▲ next ─╮
 │                                                                            │
 │  ! can't read it · HTTP 401 · Invalid bearer token                         │
 │                                                                            │
 │                                                                            │
 │                                                                            │
 │                                                                            │
 │                                                                            │
 │                                                                            │
 │                                                                            │
 │                                                                            │
 │                                                                            │
 │                                                                            │
 │                                                                            │
 │                                                                            │
 │                                                                            │
 │                                                                            │
 ╰────────────────────────────────────────────────────────────── no sessions ─╯

 13:12 ▲ 0b5c started on Work, the best
