  SWITCHBOARD                                                                                                                                                  Mon 28 Sep  13:12:00

 ROUTER                   NEW SESSIONS GO TO              ROOM LEFT, IN ACCOUNTS                          COMING UP
 ○ probing                ▲ 1 Work                        5h    ▆▆▆▆▆▆▆▆ ▆▆▆▆▆▆▆▆ ▆▆▆▆▆▆▆▆  0.8 of 3      14:34      Work's week reaches its reserve                      in 1h 22m
 router not running       1 of 3 open                     week  ▆▆▆▆▆▆▆▆ ▆▆▆▆▆▆▆▆ ▆▆▆▆▆▆▆▆  0.1 of 3      18:10      Work's session resets                                in 4h 58m
                                                                1        2        3                       Fri 21:00  Work's week resets                                    in 4d 7h

 ╭─ 1 Work ──────────────────────── ◆ primary · ▲ next ─╮    ╭─ 2 Personal ─────────────────────────────────────────╮    ╭─ 3 Side ─────────────────────────────────────────────╮
 │                                                      │    │                                                      │    │                                                      │
 │  ■ Fable wk limit · back Sun 01:10 · other models    │    │  ! can't read it · HTTP 401 · Invalid bearer token   │    │  ! can't read it · HTTP 401 · Invalid bearer token   │
 │  still come here                                     │    │                                                      │    │                                                      │
 │  ▄█  █▀█ █▀█ ▀ █    FABLE WEEK  7-day window         │    │                                                      │    │                                                      │
 │   █  █ █ █ █ ▄▀     limit reached                    │    │                                                      │    │                                                      │
 │  ▀▀▀ ▀▀▀ ▀▀▀ ▀ ▀    its window resets Sun 01:10      │    │                                                      │    │                                                      │
 │                                                      │    │                                                      │    │                                                      │
 │             │                                        │    │                                                      │    │                                                      │
 │             │                                        │    │                                                      │    │                                                      │
 │             │      no history yet                    │    │                                                      │    │                                                      │
 │  ▁▁▁▁▁▁▁▁▁▁▁▁▁▁▁▁▁▁▁▁▁▁▁▁▁▁▁▁▁▁▁▁▁▁▁▁▁▁▁▁▁▁▁▁▁▁▁▁▁▁  │    │                                                      │    │                                                      │
 │        ╵Mon   ╵Tue    ╵Wed   ╵Thu   ╵Fri   ╵Sat   ╵  │    │                                                      │    │                                                      │
 │                                                      │    │                                                      │    │                                                      │
 │  Session  ┃████▌░░░░░░░░░░░░░░░░╎░  23%              │    │                                                      │    │                                                      │
 │  Week     █████████┃████████████╎█  93% → out 14:34  │    │                                                      │    │                                                      │
 │                                                      │    │                                                      │    │                                                      │
 ╰──────────────────────────────────────── no sessions ─╯    ╰──────────────────────────────────────── no sessions ─╯    ╰──────────────────────────────────────── no sessions ─╯

 RECENT   the router isn't running

 KEY      ▆▆ room left   ⠂⠄⡀ heading   ✕ runs out   ⠠ ⠠ reserve   │   ████ used   ██ heading   ┃ even pace   ╎ reserve   ● session, lit while busy
