 Switchboard                           Mon 28 Sep · 13:12
 router  ·  1 session  ·  pinned to side · Side  ·  best next: work · Work

 ╭─ work · Work ─────────────────── ◆ primary ─ ▲ best ─╮
 │                                                      │
 │  Session                                        23%  │
 │  ┃██████████▌░░░░░░░░░░░░░░░░░░░░░░░░░░░░░░░░░░░╎░░  │
 │  resets in 4h 58m · Mon 18:10                        │
 │                                                      │
 │  Week                                           93%  │
 │  ███████████████████┃██████████████████████████▌╎░░  │
 │  runs out ~Mon 18:01 · resets in 4d 7h · Fri 21:00   │
 │                                                      │
 │  Fable week                                    100%  │
 │  ███████████████████████████████████████████████╎██  │
 │  back in 5d 11h · Sun 01:10                          │
 │                                                      │
 │  1 session                                           │
 │                                                      │
 ╰──────────────────────────────────────────────────────╯

 ╭─ personal · Personal ────────────────────────────────╮
 │                                                      │
 │  ✗ HTTP 401 · Invalid bearer token                   │
 │                                                      │
 ╰──────────────────────────────────────────────────────╯

 ╭─ side · Side ───────────────────────────── ● pinned ─╮
 │                                                      │
 │  ✗ HTTP 401 · Invalid bearer token                   │
 │                                                      │
 ╰──────────────────────────────────────────────────────╯
