<?xml version="1.0" encoding="UTF-8"?>
<!DOCTYPE plist PUBLIC "-//Apple//DTD PLIST 1.0//EN" "http://www.apple.com/DTDs/PropertyList-1.0.dtd">
<plist version="1.0">
<dict>
	<key>Label</key>
	<string>io.github.leeovery.switchboard</string>
	<key>ProgramArguments</key>
	<array>
		<string>/opt/homebrew/bin/switchboard</string>
		<string>serve</string>
	</array>
	<key>RunAtLoad</key>
	<true/>
	<key>KeepAlive</key>
	<true/>
	<key>ExitTimeOut</key>
	<integer>45</integer>
	<key>StandardOutPath</key>
	<string>/Users/tester/.local/state/switchboard/logs/launchd.log</string>
	<key>StandardErrorPath</key>
	<string>/Users/tester/.local/state/switchboard/logs/launchd.log</string>
</dict>
</plist>
